
> estudio-almeida@0.0.0 test:coverage
> vitest run --coverage


[1m[46m RUN [49m[22m [36mv4.1.2 [39m[90mC:/Users/Usu├írio/OneDrive/Desktop/Nova pasta[39m
      [2mCoverage enabled with [22m[33mv8[39m

 [31mÔØ»[39m src/__tests__/api/verificar-pix.test.js [2m([22m[2m0 test[22m[2m)[22m
 [31mÔØ»[39m src/__tests__/api/criar-pix.test.js [2m([22m[2m0 test[22m[2m)[22m
 [32mÔ£ô[39m src/__tests__/services/mensagens.test.js [2m([22m[2m7 tests[22m[2m)[22m[32m 15[2mms[22m[39m
 [32mÔ£ô[39m src/__tests__/services/pedidos.test.js [2m([22m[2m11 tests[22m[2m)[22m[32m 20[2mms[22m[39m
 [32mÔ£ô[39m src/__tests__/utils/calcularStats.test.js [2m([22m[2m5 tests[22m[2m)[22m[32m 13[2mms[22m[39m
 [32mÔ£ô[39m src/__tests__/hooks/useAdminAuth.test.jsx [2m([22m[2m7 tests[22m[2m)[22m[32m 48[2mms[22m[39m
 [32mÔ£ô[39m src/__tests__/contexts/AuthContext.test.jsx [2m([22m[2m7 tests[22m[2m)[22m[32m 154[2mms[22m[39m
stderr | src/__tests__/pages/Login.test.jsx > Login.jsx Integration Test > deve renderizar os campos de email e senha
An update to AuthProvider inside a test was not wrapped in act(...).

When testing, code that causes React state updates should be wrapped into act(...):

act(() => {
  /* fire events that update state */
});
/* assert on the output */

This ensures that you're testing the behavior the user would see in the browser. Learn more at https://react.dev/link/wrap-tests-with-act

 [32mÔ£ô[39m src/__tests__/pages/Cadastro.test.jsx [2m([22m[2m1 test[22m[2m)[22m[32m 131[2mms[22m[39m
stderr | src/__tests__/pages/NovoPedido.test.jsx > NovoPedido.jsx Integration Test > deve submeter o pedido corretamente quando campos v├ílidos e preenchidos
Erro no processo: Error: Usu├írio n├úo autenticado
    at onSubmit (C:/Users/Usu├írio/OneDrive/Desktop/Nova pasta/src/pages/NovoPedido.jsx:126:24)
    at file:///C:/Users/Usu%C3%A1rio/OneDrive/Desktop/Nova%20pasta/node_modules/react-hook-form/dist/index.esm.mjs:2306:23

 [31mÔØ»[39m src/__tests__/pages/Login.test.jsx [2m([22m[2m3 tests[22m[2m | [22m[31m1 failed[39m[2m)[22m[33m 1131[2mms[22m[39m
     [32mÔ£ô[39m deve renderizar os campos de email e senha[32m 54[2mms[22m[39m
[31m     [31m├ù[31m deve validar e-mail incorreto usando Zod sem chamar Supabase[39m[33m 1049[2mms[22m[39m
     [32mÔ£ô[39m deve autenticar corretamente com dados v├ílidos[32m 24[2mms[22m[39m
 [31mÔØ»[39m src/__tests__/pages/NovoPedido.test.jsx [2m([22m[2m2 tests[22m[2m | [22m[31m1 failed[39m[2m)[22m[33m 1196[2mms[22m[39m
     [32mÔ£ô[39m deve realizar valida├º├Áes Zod no envio incompleto do projeto[32m 131[2mms[22m[39m
[31m     [31m├ù[31m deve submeter o pedido corretamente quando campos v├ílidos e preenchidos[39m[33m 1060[2mms[22m[39m

ÔÄ»ÔÄ»ÔÄ»ÔÄ»ÔÄ»ÔÄ» Failed Suites 2 ÔÄ»ÔÄ»ÔÄ»ÔÄ»ÔÄ»ÔÄ»ÔÄ»

 FAIL  src/__tests__/api/criar-pix.test.js [ src/__tests__/api/criar-pix.test.js ]
Error: Failed to resolve import "../../api/criar-pix" from "src/__tests__/api/criar-pix.test.js". Does the file exist?
  Plugin: vite:import-analysis
  File: C:/Users/Usu├írio/OneDrive/Desktop/Nova pasta/src/__tests__/api/criar-pix.test.js:2:0
  36 |  	constructor() {}
  37 |  } }));
  38 |  const __vi_import_0__ = await import("../../api/criar-pix");
     |                                       ^
  39 |  import { describe, it, expect, vi, beforeEach } from "vitest";
  40 |  
 ÔØ» TransformPluginContext._formatLog ../../../../Usu%C3%A1rio/OneDrive/Desktop/Nova%20pasta/node_modules/vite/dist/node/chunks/node.js:30339:39
 ÔØ» TransformPluginContext.error ../../../../Usu%C3%A1rio/OneDrive/Desktop/Nova%20pasta/node_modules/vite/dist/node/chunks/node.js:30336:14
 ÔØ» normalizeUrl ../../../../Usu%C3%A1rio/OneDrive/Desktop/Nova%20pasta/node_modules/vite/dist/node/chunks/node.js:27624:18
 ÔØ» ../../../../Usu%C3%A1rio/OneDrive/Desktop/Nova%20pasta/node_modules/vite/dist/node/chunks/node.js:27687:30
 ÔØ» TransformPluginContext.transform ../../../../Usu%C3%A1rio/OneDrive/Desktop/Nova%20pasta/node_modules/vite/dist/node/chunks/node.js:27655:4
 ÔØ» EnvironmentPluginContainer.transform ../../../../Usu%C3%A1rio/OneDrive/Desktop/Nova%20pasta/node_modules/vite/dist/node/chunks/node.js:30128:14
 ÔØ» loadAndTransform ../../../../Usu%C3%A1rio/OneDrive/Desktop/Nova%20pasta/node_modules/vite/dist/node/chunks/node.js:24459:26

ÔÄ»ÔÄ»ÔÄ»ÔÄ»ÔÄ»ÔÄ»ÔÄ»ÔÄ»ÔÄ»ÔÄ»ÔÄ»ÔÄ»ÔÄ»ÔÄ»ÔÄ»ÔÄ»ÔÄ»ÔÄ»ÔÄ»ÔÄ»ÔÄ»ÔÄ»ÔÄ»ÔÄ»[1/4]ÔÄ»

 FAIL  src/__tests__/api/verificar-pix.test.js [ src/__tests__/api/verificar-pix.test.js ]
Error: Failed to resolve import "../../api/verificar-pix" from "src/__tests__/api/verificar-pix.test.js". Does the file exist?
  Plugin: vite:import-analysis
  File: C:/Users/Usu├írio/OneDrive/Desktop/Nova pasta/src/__tests__/api/verificar-pix.test.js:2:0
  28 |  	constructor() {}
  29 |  } }));
  30 |  const __vi_import_0__ = await import("../../api/verificar-pix");
     |                                       ^
  31 |  import { describe, it, expect, vi, beforeEach } from "vitest";
  32 |  
 ÔØ» TransformPluginContext._formatLog ../../../../Usu%C3%A1rio/OneDrive/Desktop/Nova%20pasta/node_modules/vite/dist/node/chunks/node.js:30339:39
 ÔØ» TransformPluginContext.error ../../../../Usu%C3%A1rio/OneDrive/Desktop/Nova%20pasta/node_modules/vite/dist/node/chunks/node.js:30336:14
 ÔØ» normalizeUrl ../../../../Usu%C3%A1rio/OneDrive/Desktop/Nova%20pasta/node_modules/vite/dist/node/chunks/node.js:27624:18
 ÔØ» ../../../../Usu%C3%A1rio/OneDrive/Desktop/Nova%20pasta/node_modules/vite/dist/node/chunks/node.js:27687:30
 ÔØ» TransformPluginContext.transform ../../../../Usu%C3%A1rio/OneDrive/Desktop/Nova%20pasta/node_modules/vite/dist/node/chunks/node.js:27655:4
 ÔØ» EnvironmentPluginContainer.transform ../../../../Usu%C3%A1rio/OneDrive/Desktop/Nova%20pasta/node_modules/vite/dist/node/chunks/node.js:30128:14
 ÔØ» loadAndTransform ../../../../Usu%C3%A1rio/OneDrive/Desktop/Nova%20pasta/node_modules/vite/dist/node/chunks/node.js:24459:26

ÔÄ»ÔÄ»ÔÄ»ÔÄ»ÔÄ»ÔÄ»ÔÄ»ÔÄ»ÔÄ»ÔÄ»ÔÄ»ÔÄ»ÔÄ»ÔÄ»ÔÄ»ÔÄ»ÔÄ»ÔÄ»ÔÄ»ÔÄ»ÔÄ»ÔÄ»ÔÄ»ÔÄ»[2/4]ÔÄ»


ÔÄ»ÔÄ»ÔÄ»ÔÄ»ÔÄ»ÔÄ»ÔÄ» Failed Tests 2 ÔÄ»ÔÄ»ÔÄ»ÔÄ»ÔÄ»ÔÄ»ÔÄ»

 FAIL  src/__tests__/pages/Login.test.jsx > Login.jsx Integration Test > deve validar e-mail incorreto usando Zod sem chamar Supabase
TestingLibraryElementError: Unable to find an element with the text: E-mail inv├ílido. This could be because the text is broken up by multiple elements. In this case, you can provide a function for your text matcher to make your matcher more flexible.

Ignored nodes: comments, script, style
<body>
  <div>
    <div
      class="min-h-screen bg-background text-on-surface flex items-center justify-center relative overflow-hidden"
    >
      <div
        class="absolute inset-0 z-0 bg-[radial-gradient(circle_at_20%_30%,rgba(242,202,80,0.03)_0%,transparent_50%)] pointer-events-none"
      />
      <main
        class="relative z-10 w-full max-w-7xl px-6 md:px-12 flex flex-col lg:flex-row items-center justify-center gap-12 lg:gap-24 py-12"
      >
        <div
          class="hidden lg:flex flex-col flex-1 text-left space-y-8"
          style="opacity: 1; transform: none;"
        >
          <div
            class="space-y-4"
          >
            <span
              class="font-label text-primary tracking-[0.2em] text-[0.6875rem] uppercase font-bold"
            >
              The Auditory Gallery
            </span>
            <h1
              class="font-headline text-5xl xl:text-7xl leading-tight font-bold tracking-tight text-white uppercase tracking-tighter"
            >
              Refined 
              <br />
              <span
                class="italic text-primary"
              >
                Voice-Over
              </span>
               
              <br />
              Excellence.
            </h1>
          </div>
          <div
            class="pt-8 border-t border-white/10 max-w-xs"
          >
            <div
              class="flex items-center gap-4 text-primary"
            >
              <svg
                aria-hidden="true"
                class="lucide lucide-audio-lines"
                fill="none"
                height="32"
                stroke="currentColor"
                stroke-linecap="round"
                stroke-linejoin="round"
                stroke-width="2"
                viewBox="0 0 24 24"
                width="32"
                xmlns="http://www.w3.org/2000/svg"
              >
                <path
                  d="M2 10v3"
                />
                <path
                  d="M6 6v11"
                />
                <path
                  d="M10 3v18"
                />
                <path
                  d="M14 8v7"
                />
                <path
                  d="M18 5v13"
                />
                <path
                  d="M22 10v3"
                />
              </svg>
              <span
                class="font-headline italic text-lg text-white"
              >
                Sound Design Excellence
              </span>
            </div>
          </div>
        </div>
        <div
          class="w-full max-w-md flex flex-col items-center"
          style="opacity: 1; transform: none;"
        >
          <div
            class="mb-12 text-center"
          >
            <a
              class="inline-block hover:scale-105 transition-transform"
              data-discover="true"
              href="/"
            >
              <img
                alt="Logo"
                class="h-16 w-auto mx-auto mb-6 brightness-200 grayscale"
                src="/minha-logo.png"
              />
            </a>
            <h2
              class="font-headline text-2xl tracking-tight text-white uppercase tracking-tighter"
            >
              Portal do Cliente
            </h2>
            <div
              class="h-px w-12 bg-primary/40 mx-auto mt-4"
            />
          </div>
          <div
            class="w-full bg-surface-container-lowest/40 backdrop-blur-xl p-8 md:p-12 rounded-lg shadow-2xl border border-white/5"
          >
            <form
              class="space-y-8"
            >
              <div
                class="group"
              >
                <label
                  class="font-label text-secondary text-[0.6875rem] uppercase tracking-widest block mb-2 group-focus-within:text-primary transition-colors font-bold"
                >
                  E-mail
                </label>
                <div
                  class="relative border-b border-white/10 group-focus-within:border-primary transition-colors"
                >
                  <svg
                    aria-hidden="true"
                    class="lucide lucide-mail absolute left-0 top-1/2 -translate-y-1/2 text-secondary w-4 h-4"
                    fill="none"
                    height="24"
                    stroke="currentColor"
                    stroke-linecap="round"
                    stroke-linejoin="round"
                    stroke-width="2"
                    viewBox="0 0 24 24"
                    width="24"
                    xmlns="http://www.w3.org/2000/svg"
                  >
                    <path
                      d="m22 7-8.991 5.727a2 2 0 0 1-2.009 0L2 7"
                    />
                    <rect
                      height="16"
                      rx="2"
                      width="20"
                      x="2"
                      y="4"
                    />
                  </svg>
                  <input
                    class="w-full bg-transparent border-none py-3 pl-8 text-white focus:ring-0 font-body text-sm"
                    name="email"
                    placeholder="seu@email.com"
                    type="email"
                  />
                </div>
                <span
                  class="text-error text-[0.6rem] uppercase tracking-widest mt-1 block"
                >
                  Formato de e-mail inv├ílido
                </span>
              </div>
              <div
                class="group"
              >
                <div
                  class="flex justify-between items-end mb-2"
                >
                  <label
                    class="font-label text-secondary text-[0.6875rem] uppercase tracking-widest block group-focus-within:text-primary transition-colors font-bold"
                  >
                    Senha
                  </label>
                  <a
                    class="text-secondary hover:text-primary transition-colors font-label text-[0.6rem] uppercase tracking-widest opacity-60 hover:opacity-100 font-bold"
                    data-discover="true"
                    href="/esqueci-senha"
                  >
                    Esqueci minha senha
                  </a>
                </div>
                <div
                  class="relative border-b border-white/10 group-focus-within:border-primary transition-colors"
                >
                  <svg
                    aria-hidden="true"
                    class="lucide lucide-lock absolute left-0 top-1/2 -translate-y-1/2 text-secondary w-4 h-4"
                    fill="none"
                    height="24"
                    stroke="currentColor"
                    stroke-linecap="round"
                    stroke-linejoin="round"
                    stroke-width="2"
                    viewBox="0 0 24 24"
                    width="24"
                    xmlns="http://www.w3.org/2000/svg"
                  >
                    <rect
                      height="11"
                      rx="2"
                      ry="2"
                      width="18"
                      x="3"
                      y="11"
                    />
                    <path
                      d="M7 11V7a5 5 0 0 1 10 0v4"
                    />
                  </svg>
                  <input
                    class="w-full bg-transparent border-none py-3 pl-8 text-white focus:ring-0 font-body text-sm"
                    name="senha"
                    placeholder="ÔÇóÔÇóÔÇóÔÇóÔÇóÔÇóÔÇóÔÇó"
                    type="password"
                  />
                </div>
              </div>
              <button
                class="w-full py-5 bg-gradient-to-r from-primary to-primary-container text-on-primary font-label text-xs font-bold tracking-[0.2em] rounded uppercase transition-all hover:scale-[1.02] disabled:opacity-50"
                type="submit"
              >
                Entrar na Plataforma
              </button>
            </form>
            <div
              class="mt-12 text-center border-t border-white/5 pt-8"
            >
              <p
                class="font-body text-[0.65rem] text-secondary mb-3 uppercase tracking-widest opacity-60"
              >
                Novo por aqui?
              </p>
              <a
                class="inline-flex items-center gap-2 font-label text-white text-[0.7rem] uppercase tracking-widest border-b border-primary/40 pb-1 hover:border-primary transition-all font-bold"
                data-discover="true"
                href="/cadastro"
              >
                Criar conta 
                <svg
                  aria-hidden="true"
                  class="lucide lucide-arrow-right text-primary"
                  fill="none"
                  height="14"
                  stroke="currentColor"
                  stroke-linecap="round"
                  stroke-linejoin="round"
                  stroke-width="2"
                  viewBox="0 0 24 24"
                  width="14"
                  xmlns="http://www.w3.org/2000/svg"
                >
                  <path
                    d="M5 12h14"
                  />
                  <path
                    d="m12 5 7 7-7 7"
                  />
                </svg>
              </a>
            </div>
          </div>
        </div>
      </main>
    </div>
  </div>
</body>

Ignored nodes: comments, script, style
<html>
  <head>
    <title>
      Login | Est├║dio Almeida | Est├║dio Almeida
    </title>
    <meta
      content="Acesse sua conta para gerenciar seus projetos sonoros."
      name="description"
    />
    <meta
      content="Est├║dio Almeida"
      property="og:site_name"
    />
    <meta
      content="Login | Est├║dio Almeida | Est├║dio Almeida"
      property="og:title"
    />
    <meta
      content="Acesse sua conta para gerenciar seus projetos sonoros."
      property="og:description"
    />
    <meta
      content="website"
      property="og:type"
    />
    <meta
      content="https://estudioalmeida.com/login"
      property="og:url"
    />
    <meta
      content="https://lh3.googleusercontent.com/aida-public/AB6AXuAg6inCEPL8XpfUXi3PRq91yZKLn42d_px4wLHWchVy0FzAjt-QvQeKC18sJX3xAYRAvRMURpP5oNOlyM7DhExkBu2_jqDixH2p4DCiXJNcnU5MaTvxKqnB-cs25KL_3WkJIw0qSOXJprxZlVWuJT_16xrcrDsRfcNbPYAJ6iepTnmUzej77EkntTnldsLwzrOVTVwbFij_qHOdxrUQUXUHUlM4aSuoa_HzGxm4G3EzXyMoVTfKxRc3CjY-CaxnhxGUysctLrk2Hwg"
      property="og:image"
    />
    <meta
      content="1200"
      property="og:image:width"
    />
    <meta
      content="630"
      property="og:image:height"
    />
    <meta
      content="summary_large_image"
      name="twitter:card"
    />
    <meta
      content="Login | Est├║dio Almeida | Est├║dio Almeida"
      name="twitter:title"
    />
    <meta
      content="Acesse sua conta para gerenciar seus projetos sonoros."
      name="twitter:description"
    />
    <meta
      content="https://lh3.googleusercontent.com/aida-public/AB6AXuAg6inCEPL8XpfUXi3PRq91yZKLn42d_px4wLHWchVy0FzAjt-QvQeKC18sJX3xAYRAvRMURpP5oNOlyM7DhExkBu2_jqDixH2p4DCiXJNcnU5MaTvxKqnB-cs25KL_3WkJIw0qSOXJprxZlVWuJT_16xrcrDsRfcNbPYAJ6iepTnmUzej77EkntTnldsLwzrOVTVwbFij_qHOdxrUQUXUHUlM4aSuoa_HzGxm4G3EzXyMoVTfKxRc3CjY-CaxnhxGUysctLrk2Hwg"
      name="twitter:image"
    />
    <link
      href="https://estudioalmeida.com/login"
      rel="canonical"
    />
  </head>
  <body>
    <div>
      <div
        class="min-h-screen bg-background text-on-surface flex items-center justify-center relative overflow-hidden"
      >
        <div
          class="absolute inset-0 z-0 bg-[radial-gradient(circle_at_20%_30%,rgba(242,202,80,0.03)_0%,transparent_50%)] pointer-events-none"
        />
        <main
          class="relative z-10 w-full max-w-7xl px-6 md:px-12 flex flex-col lg:flex-row items-center justify-center gap-12 lg:gap-24 py-12"
        >
          <div
            class="hidden lg:flex flex-col flex-1 text-left space-y-8"
            style="opacity: 1; transform: none;"
          >
            <div
              class="space-y-4"
            >
              <span
                class="font-label text-primary tracking-[0.2em] text-[0.6875rem] uppercase font-bold"
              >
                The Auditory Gallery
              </span>
              <h1
                class="font-headline text-5xl xl:text-7xl leading-tight font-bold tracking-tight text-white uppercase tracking-tighter"
              >
                Refined 
                <br />
                <span
                  class="italic text-primary"
                >
                  Voice-Over
                </span>
                 
                <br />
                Excellence.
              </h1>
            </div>
            <div
              class="pt-8 border-t border-white/10 max-w-xs"
            >
              <div
                class="flex items-center gap-4 text-primary"
              >
                <svg
                  aria-hidden="true"
                  class="lucide lucide-audio-lines"
                  fill="none"
                  height="32"
                  stroke="currentColor"
                  stroke-linecap="round"
                  stroke-linejoin="round"
                  stroke-width="2"
                  viewBox="0 0 24 24"
                  width="32"
                  xmlns="http://www.w3.org/2000/svg"
                >
                  <path
                    d="M2 10v3"
                  />
                  <path
                    d="M6 6v11"
                  />
                  <path
                    d="M10 3v18"
                  />
                  <path
                    d="M14 8v7"
                  />
                  <path
                    d="M18 5v13"
                  />
                  <path
                    d="M22 10v3"
                  />
                </svg>
                <span
                  class="font-headline italic text-lg text-white"
                >
                  Sound Design Excellence
                </span>
              </div>
            </div>
          </div>
          <div
            class="w-full max-w-md flex flex-col items-center"
            style="opacity: 1; transform: none;"
          >
            <div
              class="mb-12 text-center"
            >
              <a
                class="inline-block hover:scale-105 transition-transform"
                data-discover="true"
                href="/"
              >
                <img
                  alt="Logo"
                  class="h-16 w-auto mx-auto mb-6 brightness-200 grayscale"
                  src="/minha-logo.png"
                />
              </a>
              <h2
                class="font-headline text-2xl tracking-tight text-white uppercase tracking-tighter"
              >
                Portal do Cliente
              </h2>
              <div
                class="h-px w-12 bg-primary/40 mx-auto mt-4"
              />
            </div>
            <div
              class="w-full bg-surface-container-lowest/40 backdrop-blur-xl p-8 md:p-12 rounded-lg shadow-2xl border border-white/5"
            >
              <form
                class="space-y-8"
              >
                <div
                  class="group"
                >
                  <label
                    class="font-label text-secondary text-[0.6875rem] uppercase tracking-widest block mb-2 group-focus-within:text-primary transition-colors font-bold"
                  >
                    E-mail
                  </label>
                  <div
                    class="relative border-b border-white/10 group-focus-within:border-primary transition-colors"
                  >
                    <svg
                      aria-hidden="true"
                      class="lucide lucide-mail absolute left-0 top-1/2 -translate-y-1/2 text-secondary w-4 h-4"
                      fill="none"
                      height="24"
                      stroke="currentColor"
                      stroke-linecap="round"
                      stroke-linejoin="round"
                      stroke-width="2"
                      viewBox="0 0 24 24"
                      width="24"
                      xmlns="http://www.w3.org/2000/svg"
                    >
                      <path
                        d="m22 7-8.991 5.727a2 2 0 0 1-2.009 0L2 7"
                      />
                      <rect
                        height="16"
                        rx="2"
                        width="20"
                        x="2"
                        y="4"
                      />
                    </svg>
                    <input
                      class="w-full bg-transparent border-none py-3 pl-8 text-white focus:ring-0 font-body text-sm"
                      name="email"
                      placeholder="seu@email.com"
                      type="email"
                    />
                  </div>
                  <span
                    class="text-error text-[0.6rem] uppercase tracking-widest mt-1 block"
                  >
                    Formato de e-mail inv├ílido
                  </span>
                </div>
                <div
                  class="group"
                >
                  <div
                    class="flex justify-between items-end mb-2"
                  >
                    <label
                      class="font-label text-secondary text-[0.6875rem] uppercase tracking-widest block group-focus-within:text-primary transition-colors font-bold"
                    >
                      Senha
                    </label>
                    <a
                      class="text-secondary hover:text-primary transition-colors font-label text-[0.6rem] uppercase tracking-widest opacity-60 hover:opacity-100 font-bold"
                      data-discover="true"
                      href="/esqueci-senha"
                    >
                      Esqueci minha senha
                    </a>
                  </div>
                  <div
                    class="relative border-b border-white/10 group-focus-within:border-primary transition-colors"
                  >
                    <svg
                      aria-hidden="true"
                      class="lucide lucide-lock absolute left-0 top-1/2 -translate-y-1/2 text-secondary w-4 h-4"
                      fill="none"
                      height="24"
                      stroke="currentColor"
                      stroke-linecap="round"
                      stroke-linejoin="round"
                      stroke-width="2"
                      viewBox="0 0 24 24"
                      width="24"
                      xmlns="http://www.w3.org/2000/svg"
                    >
                      <rect
                        height="11"
                        rx="2"
                        ry="2"
                        width="18"
                        x="3"
                        y="11"
                      />
                      <path
                        d="M7 11V7a5 5 0 0 1 10 0v4"
                      />
                    </svg>
                    <input
                      class="w-full bg-transparent border-none py-3 pl-8 text-white focus:ring-0 font-body text-sm"
                      name="senha"
                      placeholder="ÔÇóÔÇóÔÇóÔÇóÔÇóÔÇóÔÇóÔÇó"
                      type="password"
                    />
                  </div>
                </div>
                <button
                  class="w-full py-5 bg-gradient-to-r from-primary to-primary-container text-on-primary font-label text-xs font-bold tracking-[0.2em] rounded uppercase transition-all hover:scale-[1.02] disabled:opacity-50"
                  type="submit"
                >
                  Entrar na Plataforma
                </button>
              </form>
              <div
                class="mt-12 text-center border-t border-white/5 pt-8"
              >
                <p
                  class="font-body text-[0.65rem] text-secondary mb-3 uppercase tracking-widest opacity-60"
                >
                  Novo por aqui?
                </p>
                <a
                  class="inline-flex items-center gap-2 font-label text-white text-[0.7rem] uppercase tracking-widest border-b border-primary/40 pb-1 hover:border-primary transition-all font-bold"
                  data-discover="true"
                  href="/cadastro"
                >
                  Criar conta 
                  <svg
                    aria-hidden="true"
                    class="lucide lucide-arrow-right text-primary"
                    fill="none"
                    height="14"
                    stroke="currentColor"
                    stroke-linecap="round"
                    stroke-linejoin="round"
                    stroke-width="2"
                    viewBox="0 0 24 24"
                    width="14"
                    xmlns="http://www.w3.org/2000/svg"
                  >
                    <path
                      d="M5 12h14"
                    />
                    <path
                      d="m12 5 7 7-7 7"
                    />
                  </svg>
                </a>
              </div>
            </div>
          </div>
        </main>
      </div>
    </div>
  </body>
</html>
 ÔØ» Proxy.waitForWrapper node_modules/@testing-library/dom/dist/wait-for.js:163:27
 ÔØ» src/__tests__/pages/Login.test.jsx:47:11
     45|     fireEvent.submit(screen.getByRole('button', { name: /entrar/i }));
     46|
     47|     await waitFor(() => {
       |           ^
     48|       expect(screen.getByText('E-mail inv├ílido')).toBeInTheDocument();
     49|     });

ÔÄ»ÔÄ»ÔÄ»ÔÄ»ÔÄ»ÔÄ»ÔÄ»ÔÄ»ÔÄ»ÔÄ»ÔÄ»ÔÄ»ÔÄ»ÔÄ»ÔÄ»ÔÄ»ÔÄ»ÔÄ»ÔÄ»ÔÄ»ÔÄ»ÔÄ»ÔÄ»ÔÄ»[3/4]ÔÄ»

 FAIL  src/__tests__/pages/NovoPedido.test.jsx > NovoPedido.jsx Integration Test > deve submeter o pedido corretamente quando campos v├ílidos e preenchidos
AssertionError: expected "vi.fn()" to be called with arguments: [ ObjectContaining{ÔÇª} ]

Number of calls: 0


Ignored nodes: comments, script, style
<html>
  <head>
    <title>
      Novo Pedido | Est├║dio Almeida | Est├║dio Almeida
    </title>
    <meta
      content="Solicite sua produ├º├úo sonora com detalhes profissionais."
      name="description"
    />
    <meta
      content="Est├║dio Almeida"
      property="og:site_name"
    />
    <meta
      content="Novo Pedido | Est├║dio Almeida | Est├║dio Almeida"
      property="og:title"
    />
    <meta
      content="Solicite sua produ├º├úo sonora com detalhes profissionais."
      property="og:description"
    />
    <meta
      content="website"
      property="og:type"
    />
    <meta
      content="https://estudioalmeida.com"
      property="og:url"
    />
    <meta
      content="https://lh3.googleusercontent.com/aida-public/AB6AXuAg6inCEPL8XpfUXi3PRq91yZKLn42d_px4wLHWchVy0FzAjt-QvQeKC18sJX3xAYRAvRMURpP5oNOlyM7DhExkBu2_jqDixH2p4DCiXJNcnU5MaTvxKqnB-cs25KL_3WkJIw0qSOXJprxZlVWuJT_16xrcrDsRfcNbPYAJ6iepTnmUzej77EkntTnldsLwzrOVTVwbFij_qHOdxrUQUXUHUlM4aSuoa_HzGxm4G3EzXyMoVTfKxRc3CjY-CaxnhxGUysctLrk2Hwg"
      property="og:image"
    />
    <meta
      content="1200"
      property="og:image:width"
    />
    <meta
      content="630"
      property="og:image:height"
    />
    <meta
      content="summary_large_image"
      name="twitter:card"
    />
    <meta
      content="Novo Pedido | Est├║dio Almeida | Est├║dio Almeida"
      name="twitter:title"
    />
    <meta
      content="Solicite sua produ├º├úo sonora com detalhes profissionais."
      name="twitter:description"
    />
    <meta
      content="https://lh3.googleusercontent.com/aida-public/AB6AXuAg6inCEPL8XpfUXi3PRq91yZKLn42d_px4wLHWchVy0FzAjt-QvQeKC18sJX3xAYRAvRMURpP5oNOlyM7DhExkBu2_jqDixH2p4DCiXJNcnU5MaTvxKqnB-cs25KL_3WkJIw0qSOXJprxZlVWuJT_16xrcrDsRfcNbPYAJ6iepTnmUzej77EkntTnldsLwzrOVTVwbFij_qHOdxrUQUXUHUlM4aSuoa_HzGxm4G3EzXyMoVTfKxRc3CjY-CaxnhxGUysctLrk2Hwg"
      name="twitter:image"
    />
    <link
      href="https://estudioalmeida.com"
      rel="canonical"
    />
  </head>
  <body>
    <div>
      <div
        class="min-h-screen bg-background text-on-surface p-6 md:p-12 font-body"
      >
        <main
          class="max-w-4xl mx-auto"
        >
          <a
            class="inline-flex items-center gap-2 text-secondary hover:text-primary transition-all mb-12 uppercase font-label text-[0.65rem] tracking-widest font-bold"
            data-discover="true"
            href="/dashboard"
          >
            <svg
              aria-hidden="true"
              class="lucide lucide-arrow-left"
              fill="none"
              height="16"
              stroke="currentColor"
              stroke-linecap="round"
              stroke-linejoin="round"
              stroke-width="2"
              viewBox="0 0 24 24"
              width="16"
              xmlns="http://www.w3.org/2000/svg"
            >
              <path
                d="m12 19-7-7 7-7"
              />
              <path
                d="M19 12H5"
              />
            </svg>
             Voltar ao Painel
          </a>
          <div
            class="space-y-12 bg-surface-container-low p-8 md:p-12 rounded-lg border border-white/5 shadow-2xl"
            style="opacity: 1; transform: none;"
          >
            <div
              class="border-b border-white/5 pb-8"
            >
              <h1
                class="font-headline text-4xl text-white uppercase tracking-tighter font-bold"
              >
                Solicitar Proposta
              </h1>
              <p
                class="text-secondary opacity-60 text-[0.7rem] uppercase tracking-widest mt-2"
              >
                Inspirado na excel├¬ncia do Mercado do Off
              </p>
            </div>
            <form
              class="space-y-10"
            >
              <div
                class="space-y-4"
              >
                <label
                  class="font-label text-[0.65rem] text-primary uppercase tracking-[0.2em] font-bold flex items-center gap-2"
                >
                  <svg
                    aria-hidden="true"
                    class="lucide lucide-type"
                    fill="none"
                    height="14"
                    stroke="currentColor"
                    stroke-linecap="round"
                    stroke-linejoin="round"
                    stroke-width="2"
                    viewBox="0 0 24 24"
                    width="14"
                    xmlns="http://www.w3.org/2000/svg"
                  >
                    <path
                      d="M12 4v16"
                    />
                    <path
                      d="M4 7V5a1 1 0 0 1 1-1h14a1 1 0 0 1 1 1v2"
                    />
                    <path
                      d="M9 20h6"
                    />
                  </svg>
                   T├¡tulo do Projeto
                <...
 ÔØ» src/__tests__/pages/NovoPedido.test.jsx:59:43
     57|
     58|     await waitFor(() => {
     59|       expect(pedidosService.createPedido).toHaveBeenCalledWith(
       |                                           ^
     60|         expect.objectContaining({
     61|           titulo: 'Comercial Teste',
 ÔØ» runWithExpensiveErrorDiagnosticsDisabled node_modules/@testing-library/dom/dist/config.js:47:12
 ÔØ» checkCallback node_modules/@testing-library/dom/dist/wait-for.js:124:77
 ÔØ» Timeout.checkRealTimersCallback node_modules/@testing-library/dom/dist/wait-for.js:118:16

ÔÄ»ÔÄ»ÔÄ»ÔÄ»ÔÄ»ÔÄ»ÔÄ»ÔÄ»ÔÄ»ÔÄ»ÔÄ»ÔÄ»ÔÄ»ÔÄ»ÔÄ»ÔÄ»ÔÄ»ÔÄ»ÔÄ»ÔÄ»ÔÄ»ÔÄ»ÔÄ»ÔÄ»[4/4]ÔÄ»


[2m Test Files [22m [1m[31m4 failed[39m[22m[2m | [22m[1m[32m6 passed[39m[22m[90m (10)[39m
[2m      Tests [22m [1m[31m2 failed[39m[22m[2m | [22m[1m[32m41 passed[39m[22m[90m (43)[39m
[2m   Start at [22m 19:09:08
[2m   Duration [22m 4.85s[2m (transform 1.16s, setup 9.09s, import 3.06s, tests 2.71s, environment 10.49s)[22m

